###############################################################################
#
# IAR ELF Linker V2.10.2.149 for STM8                     18/Jul/2015  09:45:02
# Copyright 2010-2014 IAR Systems AB.
#
#    Output file  =  
#        C:\Users\THINK\Documents\GitHub\One_Line_OPT\STM8L051\Project\main_code\EWSTM8\STM8L05X_LD_VL(STM8L05xx3)\Exe\project.out
#    Map file     =  
#        C:\Users\THINK\Documents\GitHub\One_Line_OPT\STM8L051\Project\main_code\EWSTM8\STM8L05X_LD_VL(STM8L05xx3)\List\project.map
#    Command line =  
#        "C:\Users\THINK\Documents\GitHub\One_Line_OPT\STM8L051\Project\main_code\EWSTM8\STM8L05X_LD_VL(STM8L05xx3)\Obj\cc1101.o"
#        "C:\Users\THINK\Documents\GitHub\One_Line_OPT\STM8L051\Project\main_code\EWSTM8\STM8L05X_LD_VL(STM8L05xx3)\Obj\main.o"
#        "C:\Users\THINK\Documents\GitHub\One_Line_OPT\STM8L051\Project\main_code\EWSTM8\STM8L05X_LD_VL(STM8L05xx3)\Obj\stm8l15x_clk.o"
#        "C:\Users\THINK\Documents\GitHub\One_Line_OPT\STM8L051\Project\main_code\EWSTM8\STM8L05X_LD_VL(STM8L05xx3)\Obj\stm8l15x_exti.o"
#        "C:\Users\THINK\Documents\GitHub\One_Line_OPT\STM8L051\Project\main_code\EWSTM8\STM8L05X_LD_VL(STM8L05xx3)\Obj\stm8l15x_flash.o"
#        "C:\Users\THINK\Documents\GitHub\One_Line_OPT\STM8L051\Project\main_code\EWSTM8\STM8L05X_LD_VL(STM8L05xx3)\Obj\stm8l15x_gpio.o"
#        "C:\Users\THINK\Documents\GitHub\One_Line_OPT\STM8L051\Project\main_code\EWSTM8\STM8L05X_LD_VL(STM8L05xx3)\Obj\stm8l15x_it.o"
#        "C:\Users\THINK\Documents\GitHub\One_Line_OPT\STM8L051\Project\main_code\EWSTM8\STM8L05X_LD_VL(STM8L05xx3)\Obj\stm8l15x_itc.o"
#        "C:\Users\THINK\Documents\GitHub\One_Line_OPT\STM8L051\Project\main_code\EWSTM8\STM8L05X_LD_VL(STM8L05xx3)\Obj\stm8l15x_iwdg.o"
#        "C:\Users\THINK\Documents\GitHub\One_Line_OPT\STM8L051\Project\main_code\EWSTM8\STM8L05X_LD_VL(STM8L05xx3)\Obj\stm8l15x_rtc.o"
#        "C:\Users\THINK\Documents\GitHub\One_Line_OPT\STM8L051\Project\main_code\EWSTM8\STM8L05X_LD_VL(STM8L05xx3)\Obj\stm8l15x_spi.o"
#        "C:\Users\THINK\Documents\GitHub\One_Line_OPT\STM8L051\Project\main_code\EWSTM8\STM8L05X_LD_VL(STM8L05xx3)\Obj\stm8l15x_tim2.o"
#        "C:\Users\THINK\Documents\GitHub\One_Line_OPT\STM8L051\Project\main_code\EWSTM8\STM8L05X_LD_VL(STM8L05xx3)\Obj\stm8l15x_tim3.o"
#        "C:\Users\THINK\Documents\GitHub\One_Line_OPT\STM8L051\Project\main_code\EWSTM8\STM8L05X_LD_VL(STM8L05xx3)\Obj\stm8l15x_tim4.o"
#        "C:\Users\THINK\Documents\GitHub\One_Line_OPT\STM8L051\Project\main_code\EWSTM8\STM8L05X_LD_VL(STM8L05xx3)\Obj\stm8l15x_tim5.o"
#        "C:\Users\THINK\Documents\GitHub\One_Line_OPT\STM8L051\Project\main_code\EWSTM8\STM8L05X_LD_VL(STM8L05xx3)\Obj\stm8l15x_wwdg.o"
#        --redirect _Printf=_PrintfFullNoMb --redirect _Scanf=_ScanfFullNoMb -o
#        "C:\Users\THINK\Documents\GitHub\One_Line_OPT\STM8L051\Project\main_code\EWSTM8\STM8L05X_LD_VL(STM8L05xx3)\Exe\project.out"
#        --map
#        "C:\Users\THINK\Documents\GitHub\One_Line_OPT\STM8L051\Project\main_code\EWSTM8\STM8L05X_LD_VL(STM8L05xx3)\List\project.map"
#        --log
#        libraries,initialization,modules,redirects,sections,unused_fragments
#        --log_file
#        "C:\Users\THINK\Documents\GitHub\One_Line_OPT\STM8L051\Project\main_code\EWSTM8\STM8L05X_LD_VL(STM8L05xx3)\List\project.log"
#        --config "C:\Program Files (x86)\IAR Systems\Embedded Workbench
#        7.0\stm8\config\lnkstm8l051f3.icf" --config_def _CSTACK_SIZE=0x100
#        --config_def _HEAP_SIZE=0x100 --entry __iar_program_start --debug_lib
#
###############################################################################

*******************************************************************************
*** RUNTIME MODEL ATTRIBUTES
***

__SystemLibrary            = DLib
__code_model               = small
__core                     = stm8
__data_model               = medium
__dlib_file_descriptor     = 0
__dlib_full_locale_support = 0
__rt_version               = 4


*******************************************************************************
*** PLACEMENT SUMMARY
***

"A1":  place at start of [0x000000-0x0000ff] { rw section .vregs };
"A2":  place at end of [0x000000-0x0003ff] { block CSTACK };
"P2":  place in [from 0x000000 to 0x0003ff] {
          block HEAP, rw section __DLIB_PERTHREAD, rw section .far.bss,
          rw section .far.data, rw section .far.noinit,
          rw section .far_func.textrw, rw section .huge.bss,
          rw section .huge.data, rw section .huge.noinit,
          rw section .huge_func.textrw, rw section .iar.dynexit,
          rw section .near.bss, rw section .near.data, rw section .near.noinit,
          rw section .near_func.textrw };
"A3":  place at start of [0x008000-0x009fff] { block INTVEC };
"P3":  place in [from 0x008000 to 0x009fff] {
          ro section __DLIB_PERTHREAD_init, ro section .far.data_init,
          ro section .far_func.textrw_init, ro section .huge.data_init,
          ro section .huge_func.textrw_init, ro section .iar.init_table,
          ro section .init_array, ro section .near.data_init,
          ro section .near.rodata, ro section .near_func.text,
          ro section .near_func.textrw_init, ro section .tiny.data_init,
          ro section .tiny.rodata_init };

  Section            Kind      Address    Size  Object
  -------            ----      -------    ----  ------
"A1":                                     0x10
  .vregs             uninit   0x000000    0x10  vregs.o [4]
                            - 0x000010    0x10

"P2":                                     0xc5
  P2 s0                       0x000010     0x8  <Init block>
    .near.data       inited   0x000010     0x2  main.o [1]
    .near.data       inited   0x000012     0x1  main.o [1]
    .near.data       inited   0x000013     0x1  main.o [1]
    .near.data       inited   0x000014     0x1  main.o [1]
    .near.data       inited   0x000015     0x1  main.o [1]
    .near.data       inited   0x000016     0x1  main.o [1]
    .near.data       inited   0x000017     0x1  main.o [1]
  .near.bss          zero     0x000018    0x46  main.o [1]
  .near.bss          zero     0x00005e    0x32  main.o [1]
  .near.bss          zero     0x000090    0x21  main.o [1]
  .near.bss          zero     0x0000b1     0x4  main.o [1]
  .near.bss          zero     0x0000b5     0x4  main.o [1]
  .near.bss          zero     0x0000b9     0x4  main.o [1]
  .near.bss          zero     0x0000bd     0x4  main.o [1]
  .near.bss          zero     0x0000c1     0x4  main.o [1]
  .near.bss          zero     0x0000c5     0x4  stm8l15x_it.o [1]
  .near.bss          zero     0x0000c9     0x1  main.o [1]
  .near.bss          zero     0x0000ca     0x1  main.o [1]
  .near.bss          zero     0x0000cb     0x1  main.o [1]
  .near.bss          zero     0x0000cc     0x1  main.o [1]
  .near.bss          zero     0x0000cd     0x1  main.o [1]
  .near.bss          zero     0x0000ce     0x1  main.o [1]
  .near.bss          zero     0x0000cf     0x1  main.o [1]
  .near.bss          zero     0x0000d0     0x1  main.o [1]
  .near.bss          zero     0x0000d1     0x1  main.o [1]
  .near.bss          zero     0x0000d2     0x1  main.o [1]
  .near.bss          zero     0x0000d3     0x1  main.o [1]
  .near.bss          zero     0x0000d4     0x1  main.o [1]
                            - 0x0000d5    0xc5

"A2":                                    0x100
  CSTACK                      0x000300   0x100  <Block>
    CSTACK           uninit   0x000300   0x100  <Block tail>
                            - 0x000400   0x100

"A3":                                     0x80
  INTVEC                      0x008000    0x80  <Block>
    .intvec          const    0x008000    0x80  interrupt.o [4]
                            - 0x008080    0x80

"P3":                                   0x1751
  .near_func.text    ro code  0x008080   0xa69  main.o [1]
  .near_func.text    ro code  0x008ae9    0xe5  vreg_util.o [4]
  .near_func.text    ro code  0x008bce    0xd6  cc1101.o [1]
  .near_func.text    ro code  0x008ca4    0xa2  main.o [1]
  .near_func.text    ro code  0x008d46    0xa1  stm8l15x_exti.o [1]
  .near_func.text    ro code  0x008de7    0x87  stm8l15x_it.o [1]
  .near_func.text    ro code  0x008e6e    0x84  main.o [1]
  .near_func.text    ro code  0x008ef2    0x67  stm8l15x_gpio.o [1]
  .near_func.text    ro code  0x008f59    0x62  main.o [1]
  .near_func.text    ro code  0x008fbb    0x60  main.o [1]
  .near_func.text    ro code  0x00901b    0x5e  main.o [1]
  .near_func.text    ro code  0x009079    0x5b  stm8l15x_clk.o [1]
  .near_func.text    ro code  0x0090d4    0x56  cc1101.o [1]
  .near_func.text    ro code  0x00912a    0x50  long.o [4]
  .near_func.text    ro code  0x00917a    0x3f  cc1101.o [1]
  .near_func.text    ro code  0x0091b9    0x3f  main.o [1]
  .near_func.text    ro code  0x0091f8    0x3e  main.o [1]
  .near_func.text    ro code  0x009236    0x3d  stm8l15x_it.o [1]
  .near_func.text    ro code  0x009273    0x38  cc1101.o [1]
  .near_func.text    ro code  0x0092ab    0x35  stm8l15x_it.o [1]
  .near_func.text    ro code  0x0092e0    0x31  stm8l15x_it.o [1]
  .near_func.text    ro code  0x009311    0x30  short.o [4]
  .near_func.text    ro code  0x009341    0x2e  stm8l15x_rtc.o [1]
  .near_func.text    ro code  0x00936f    0x2c  stm8l15x_it.o [1]
  .near_func.text    ro code  0x00939b    0x28  stm8l15x_rtc.o [1]
  .near_func.text    ro code  0x0093c3    0x28  init_small.o [4]
  .near_func.text    ro code  0x0093eb    0x26  stm8l15x_it.o [1]
  .iar.init_table    const    0x009411    0x12  - Linker created -
  .near_func.text    ro code  0x009423    0x1f  stm8l15x_tim2.o [1]
  .near_func.text    ro code  0x009442    0x1f  stm8l15x_tim3.o [1]
  .near_func.text    ro code  0x009461    0x1e  init_small.o [4]
  .near_func.text    ro code  0x00947f    0x1d  cc1101.o [1]
  .near_func.text    ro code  0x00949c    0x1d  stm8l15x_rtc.o [1]
  .near_func.text    ro code  0x0094b9    0x1a  stm8l15x_flash.o [1]
  .near_func.text    ro code  0x0094d3    0x1a  long_util.o [4]
  .near_func.text    ro code  0x0094ed    0x19  stm8l15x_flash.o [1]
  .near.rodata       const    0x009506    0x17  main.o [1]
  .near_func.text    ro code  0x00951d    0x17  init.o [4]
  .near_func.text    ro code  0x009534    0x14  cc1101.o [1]
  .near_func.text    ro code  0x009548    0x14  cc1101.o [1]
  .near_func.text    ro code  0x00955c    0x14  cc1101.o [1]
  .near_func.text    ro code  0x009570    0x14  stm8l15x_rtc.o [1]
  .near_func.text    ro code  0x009584    0x14  __dbg_xxexit.o [3]
  .near.rodata       const    0x009598    0x13  main.o [1]
  .near_func.text    ro code  0x0095ab    0x13  main.o [1]
  .near_func.text    ro code  0x0095be    0x13  cstartup.o [4]
  .near_func.text    ro code  0x0095d1    0x11  cc1101.o [1]
  .near_func.text    ro code  0x0095e2    0x11  stm8l15x_tim2.o [1]
  .near_func.text    ro code  0x0095f3    0x11  stm8l15x_tim3.o [1]
  .near_func.text    ro code  0x009604    0x11  stm8l15x_tim4.o [1]
  .near_func.text    ro code  0x009615    0x11  stm8l15x_tim4.o [1]
  .near_func.text    ro code  0x009626    0x10  cc1101.o [1]
  .near_func.text    ro code  0x009636     0xe  stm8l15x_tim2.o [1]
  .near_func.text    ro code  0x009644     0xe  stm8l15x_tim3.o [1]
  .near_func.text    ro code  0x009652     0xd  stm8l15x_exti.o [1]
  .near_func.text    ro code  0x00965f     0xd  stm8l15x_tim2.o [1]
  .near_func.text    ro code  0x00966c     0xd  stm8l15x_tim2.o [1]
  .near_func.text    ro code  0x009679     0xd  stm8l15x_tim3.o [1]
  .near_func.text    ro code  0x009686     0xd  stm8l15x_tim3.o [1]
  .near_func.text    ro code  0x009693     0xd  stm8l15x_tim4.o [1]
  .near_func.text    ro code  0x0096a0     0xd  move.o [4]
  .near_func.text    ro code  0x0096ad     0xc  stm8l15x_exti.o [1]
  .near_func.text    ro code  0x0096b9     0xb  cc1101.o [1]
  .near_func.text    ro code  0x0096c4     0xb  stm8l15x_flash.o [1]
  .near_func.text    ro code  0x0096cf     0xb  dc_util.o [4]
  .near.rodata       const    0x0096da     0xa  main.o [1]
  .near_func.text    ro code  0x0096e4     0xa  cc1101.o [1]
  .near_func.text    ro code  0x0096ee     0xa  main.o [1]
  .near_func.text    ro code  0x0096f8     0xa  stm8l15x_clk.o [1]
  .near_func.text    ro code  0x009702     0x9  stm8l15x_it.o [1]
  .near_func.text    ro code  0x00970b     0x9  stm8l15x_rtc.o [1]
  .near_func.text    ro code  0x009714     0x9  stm8l15x_rtc.o [1]
  .near.rodata       const    0x00971d     0x8  cc1101.o [1]
  .near_func.text    ro code  0x009725     0x8  cc1101.o [1]
  .near_func.text    ro code  0x00972d     0x8  cc1101.o [1]
  .near_func.text    ro code  0x009735     0x8  stm8l15x_rtc.o [1]
  .near_func.text    ro code  0x00973d     0x7  cc1101.o [1]
  .near_func.text    ro code  0x009744     0x7  stm8l15x_flash.o [1]
  .near_func.text    ro code  0x00974b     0x7  stm8l15x_it.o [1]
  .near_func.text    ro code  0x009752     0x6  stm8l15x_it.o [1]
  .near_func.text    ro code  0x009758     0x6  stm8l15x_rtc.o [1]
  .near_func.text    ro code  0x00975e     0x6  char.o [4]
  .near_func.text    ro code  0x009764     0x5  stm8l15x_iwdg.o [1]
  .near_func.text    ro code  0x009769     0x5  stm8l15x_iwdg.o [1]
  .near_func.text    ro code  0x00976e     0x5  stm8l15x_rtc.o [1]
  .near_func.text    ro code  0x009773     0x5  stm8l15x_rtc.o [1]
  .near_func.text    ro code  0x009778     0x5  stm8l15x_tim2.o [1]
  .near_func.text    ro code  0x00977d     0x5  stm8l15x_tim3.o [1]
  .near_func.text    ro code  0x009782     0x5  stm8l15x_tim4.o [1]
  .near_func.text    ro code  0x009787     0x5  stm8l15x_tim4.o [1]
  .near_func.text    ro code  0x00978c     0x5  cexit.o [4]
  .near_func.text    ro code  0x009791     0x4  stm8l15x_clk.o [1]
  .near_func.text    ro code  0x009795     0x4  stm8l15x_clk.o [1]
  .near_func.text    ro code  0x009799     0x4  stm8l15x_flash.o [1]
  .near_func.text    ro code  0x00979d     0x4  stm8l15x_gpio.o [1]
  .near_func.text    ro code  0x0097a1     0x4  stm8l15x_iwdg.o [1]
  .near_func.text    ro code  0x0097a5     0x4  stm8l15x_iwdg.o [1]
  .near_func.text    ro code  0x0097a9     0x4  stm8l15x_iwdg.o [1]
  .near_func.text    ro code  0x0097ad     0x4  stm8l15x_rtc.o [1]
  .near_func.text    ro code  0x0097b1     0x3  stm8l15x_gpio.o [1]
  .near_func.text    ro code  0x0097b4     0x3  stm8l15x_gpio.o [1]
  .near_func.text    ro code  0x0097b7     0x3  stm8l15x_gpio.o [1]
  .near_func.text    ro code  0x0097ba     0x3  interrupt.o [4]
  .near_func.text    ro code  0x0097bd     0x3  low_level_init.o [4]
  .near_func.text    ro code  0x0097c0     0x3  exit.o [4]
  .near_func.text    ro code  0x0097c3     0x3  unhandled_exception.o [4]
  .near_func.text    ro code  0x0097c6     0x2  stm8l15x_gpio.o [1]
  .near_func.text    ro code  0x0097c8     0x1  __dbg_break.o [3]
  Initializer bytes  ro data  0x0097c9     0x8  <for P2 s0>
                            - 0x0097d1  0x1751


*******************************************************************************
*** INIT TABLE
***

          Address   Size
          -------   ----
Zero (__iar_zero_init2)
    1 destination range, total size 0xbd:
          0x000018  0xbd

Copy (__iar_copy_init2)
    1 source range, total size 0x8:
          0x0097c9   0x8
    1 destination range, total size 0x8:
          0x000010   0x8



*******************************************************************************
*** MODULE SUMMARY
***

    Module                 ro code  ro data  rw data
    ------                 -------  -------  -------
C:\Users\THINK\Documents\GitHub\One_Line_OPT\STM8L051\Project\main_code\EWSTM8\STM8L05X_LD_VL(STM8L05xx3)\Obj: [1]
    cc1101.o                   585        8
    main.o                   3 401       60      193
    stm8l15x_clk.o             109
    stm8l15x_exti.o            186
    stm8l15x_flash.o            73
    stm8l15x_gpio.o            118
    stm8l15x_it.o              402                 4
    stm8l15x_iwdg.o             22
    stm8l15x_rtc.o             181
    stm8l15x_tim2.o             93
    stm8l15x_tim3.o             93
    stm8l15x_tim4.o             57
    ------------------------------------------------
    Total:                   5 320       68      197

command line: [2]
    ------------------------------------------------
    Total:

dbgstm8smd.a: [3]
    __dbg_break.o                1
    __dbg_xxexit.o              20
    ------------------------------------------------
    Total:                      21

dlstm8smn.a: [4]
    cexit.o                      5
    char.o                       6
    cstartup.o                  19
    dc_util.o                   11
    exit.o                       3
    init.o                      23
    init_small.o                70
    interrupt.o                  3      128
    long.o                      80
    long_util.o                 26
    low_level_init.o             3
    move.o                      13
    short.o                     48
    unhandled_exception.o        3
    vreg_util.o                229
    vregs.o                                       16
    ------------------------------------------------
    Total:                     542      128       16

    Linker created                       18      256
----------------------------------------------------
    Grand Total:             5 883      214      469


*******************************************************************************
*** ENTRY LIST
***

Entry                    Address  Size  Type      Object
-----                    -------  ----  ----      ------
?add32_l0_l0_0x         0x00914c        Code  Gb  long.o [4]
?add32_l0_l0_dl         0x009147        Code  Gb  long.o [4]
?b0                     0x000000        Data  Gb  vregs.o [4]
?b1                     0x000001        Data  Gb  vregs.o [4]
?b10                    0x00000a        Data  Gb  vregs.o [4]
?b11                    0x00000b        Data  Gb  vregs.o [4]
?b12                    0x00000c        Data  Gb  vregs.o [4]
?b13                    0x00000d        Data  Gb  vregs.o [4]
?b14                    0x00000e        Data  Gb  vregs.o [4]
?b15                    0x00000f        Data  Gb  vregs.o [4]
?b2                     0x000002        Data  Gb  vregs.o [4]
?b3                     0x000003        Data  Gb  vregs.o [4]
?b4                     0x000004        Data  Gb  vregs.o [4]
?b5                     0x000005        Data  Gb  vregs.o [4]
?b6                     0x000006        Data  Gb  vregs.o [4]
?b7                     0x000007        Data  Gb  vregs.o [4]
?b8                     0x000008        Data  Gb  vregs.o [4]
?b9                     0x000009        Data  Gb  vregs.o [4]
?dc32_px                0x0096cf        Code  Gb  dc_util.o [4]
?e0                     0x000001        Data  Gb  vregs.o [4]
?e1                     0x000005        Data  Gb  vregs.o [4]
?e2                     0x000009        Data  Gb  vregs.o [4]
?e3                     0x00000d        Data  Gb  vregs.o [4]
?epilogue_l2            0x008b84        Code  Gb  vreg_util.o [4]
?epilogue_l2_l3         0x008b81        Code  Gb  vreg_util.o [4]
?epilogue_l2_w6         0x008b88        Code  Gb  vreg_util.o [4]
?epilogue_w4            0x008b8f        Code  Gb  vreg_util.o [4]
?inc32_0x_0x            0x009139        Code  Gb  long.o [4]
?inc32_l0_l0            0x00912a        Code  Gb  long.o [4]
?inc32_l2_l2            0x00912f        Code  Gb  long.o [4]
?inc32_l3_l3            0x009134        Code  Gb  long.o [4]
?l0                     0x000000        Data  Gb  vregs.o [4]
?l1                     0x000004        Data  Gb  vregs.o [4]
?l2                     0x000008        Data  Gb  vregs.o [4]
?l3                     0x00000c        Data  Gb  vregs.o [4]
?load32_0x_l0           0x0094df        Code  Gb  long_util.o [4]
?load32_l0_0x           0x0094d3        Code  Gb  long_util.o [4]
?mov_e0_e2              0x008b9d        Code  Gb  vreg_util.o [4]
?mov_e0_e3              0x008baa        Code  Gb  vreg_util.o [4]
?mov_e1_e2              0x008bb7        Code  Gb  vreg_util.o [4]
?mov_e2_e0              0x008bc4        Code  Gb  vreg_util.o [4]
?mov_l0_l2              0x008b9a        Code  Gb  vreg_util.o [4]
?mov_l0_l3              0x008ba7        Code  Gb  vreg_util.o [4]
?mov_l1_l2              0x008bb4        Code  Gb  vreg_util.o [4]
?mov_l2_l0              0x008bc1        Code  Gb  vreg_util.o [4]
?mov_w1_w5              0x008ba0        Code  Gb  vreg_util.o [4]
?mov_w1_w6              0x008b93        Code  Gb  vreg_util.o [4]
?mov_w1_w7              0x008bad        Code  Gb  vreg_util.o [4]
?mov_w3_w5              0x008bba        Code  Gb  vreg_util.o [4]
?mov_w5_w1              0x008bc7        Code  Gb  vreg_util.o [4]
?move1616_v_x_y_a       0x0096a0        Code  Gb  move.o [4]
?mul16_x_x_w0           0x009311        Code  Gb  short.o [4]
?pop_l0                 0x008b4d        Code  Gb  vreg_util.o [4]
?pop_l1                 0x008b58        Code  Gb  vreg_util.o [4]
?pop_l2                 0x008b63        Code  Gb  vreg_util.o [4]
?pop_l3                 0x008b6e        Code  Gb  vreg_util.o [4]
?pop_w4                 0x008b06        Code  Gb  vreg_util.o [4]
?pop_w6                 0x008b0d        Code  Gb  vreg_util.o [4]
?push_l0                0x008b1c        Code  Gb  vreg_util.o [4]
?push_l1                0x008b21        Code  Gb  vreg_util.o [4]
?push_l2                0x008b26        Code  Gb  vreg_util.o [4]
?push_l3                0x008b2b        Code  Gb  vreg_util.o [4]
?push_w4                0x008ae9        Code  Gb  vreg_util.o [4]
?push_w6                0x008aee        Code  Gb  vreg_util.o [4]
?sext32_l0_x            0x00916f        Code  Gb  long.o [4]
?sll16_x_x_4            0x009337        Code  Gb  short.o [4]
?sll16_x_x_a            0x00932f        Code  Gb  short.o [4]
?sll8_a_a_5             0x00975f        Code  Gb  char.o [4]
?sll8_a_a_6             0x00975e        Code  Gb  char.o [4]
?srl16_x_x_4            0x00933c        Code  Gb  short.o [4]
?ucmp32_c_l0_l1         0x009164        Code  Gb  long.o [4]
?w0                     0x000000        Data  Gb  vregs.o [4]
?w1                     0x000002        Data  Gb  vregs.o [4]
?w2                     0x000004        Data  Gb  vregs.o [4]
?w3                     0x000006        Data  Gb  vregs.o [4]
?w4                     0x000008        Data  Gb  vregs.o [4]
?w5                     0x00000a        Data  Gb  vregs.o [4]
?w6                     0x00000c        Data  Gb  vregs.o [4]
?w7                     0x00000e        Data  Gb  vregs.o [4]
ABIO_Function           0x00005e  0x32  Data  Gb  main.o [1]
AllRadio                0x000018  0x46  Data  Gb  main.o [1]
Auto_Exit_LearnMode_Function
                        0x008793  0x4c  Code  Gb  main.o [1]
CLK_PeripheralClockConfig
                        0x009079  0x5b  Code  Gb  stm8l15x_clk.o [1]
CLK_RTCClockConfig      0x0096f8   0xa  Code  Gb  stm8l15x_clk.o [1]
CLK_SYSCLKDivConfig     0x009795   0x4  Code  Gb  stm8l15x_clk.o [1]
CLK_SYSCLKSourceConfig  0x009791   0x4  Code  Gb  stm8l15x_clk.o [1]
CSTACK$$Base            0x000300         --   Gb  - Linker created -
CSTACK$$Limit           0x000400         --   Gb  - Linker created -
Choose_Line             0x000014   0x1  Data  Gb  main.o [1]
CommonMode_OperateLine  0x008fbb  0x60  Code  Gb  main.o [1]
ControlByAirLearn_NewWriteInFlash
                        0x008430  0x86  Code  Gb  main.o [1]
EXTI2_IRQHandler        0x0093eb  0x26  Code  Gb  stm8l15x_it.o [1]
EXTI6_IRQHandler        0x00936f  0x2c  Code  Gb  stm8l15x_it.o [1]
EXTI_ClearITPendingBit  0x009652   0xd  Code  Gb  stm8l15x_exti.o [1]
EXTI_SetPinSensitivity  0x008d46  0xa1  Code  Gb  stm8l15x_exti.o [1]
FLASH_Lock              0x009744   0x7  Code  Gb  stm8l15x_flash.o [1]
FLASH_ProgramByte       0x0094ed  0x19  Code  Gb  stm8l15x_flash.o [1]
FLASH_ReadByte          0x009799   0x4  Code  Gb  stm8l15x_flash.o [1]
FLASH_SetProgrammingTime
                        0x0096c4   0xb  Code  Gb  stm8l15x_flash.o [1]
FLASH_Unlock            0x0094b9  0x1a  Code  Gb  stm8l15x_flash.o [1]
FindIdInFlash           0x00860d  0x41  Code  Gb  main.o [1]
FindIdInFlash_return_num
                        0x0000d0   0x1  Data  Gb  main.o [1]
FirstPower              0x008761  0x28  Code  Gb  main.o [1]
GPIO_Init               0x008ef2  0x67  Code  Gb  stm8l15x_gpio.o [1]
GPIO_ReadInputDataBit   0x0097b7   0x3  Code  Gb  stm8l15x_gpio.o [1]
GPIO_ReadOutputDataBit  0x0097c6   0x2  Code  Gb  stm8l15x_gpio.o [1]
GPIO_ResetBits          0x00979d   0x4  Code  Gb  stm8l15x_gpio.o [1]
GPIO_SetBits            0x0097b1   0x3  Code  Gb  stm8l15x_gpio.o [1]
GPIO_ToggleBits         0x0097b4   0x3  Code  Gb  stm8l15x_gpio.o [1]
INTVEC$$Base            0x008000         --   Gb  - Linker created -
INTVEC$$Limit           0x008080         --   Gb  - Linker created -
IWDG_Enable             0x009769   0x5  Code  Gb  stm8l15x_iwdg.o [1]
IWDG_ReloadCounter      0x009764   0x5  Code  Gb  stm8l15x_iwdg.o [1]
IWDG_SetPrescaler       0x0097a5   0x4  Code  Gb  stm8l15x_iwdg.o [1]
IWDG_SetReload          0x0097a9   0x4  Code  Gb  stm8l15x_iwdg.o [1]
IWDG_WriteAccessCmd     0x0097a1   0x4  Code  Gb  stm8l15x_iwdg.o [1]
IdNum                   0x0000d1   0x1  Data  Gb  main.o [1]
IdStartAddress          0x000010   0x2  Data  Gb  main.o [1]
InitAllGpio             0x0089cf  0x61  Code  Gb  main.o [1]
InitRegister            0x00891b  0xa5  Code  Gb  main.o [1]
Key1_Function           0x0087ed  0x5f  Code  Gb  main.o [1]
Key1_InterruptPushflag  0x0000cb   0x1  Data  Gb  main.o [1]
Key1_Short_Pushed       0x0000cc   0x1  Data  Gb  main.o [1]
LearnModeWaitForConfirm
                        0x000015   0x1  Data  Gb  main.o [1]
LearnMode_Function      0x008244  0x9a  Code  Gb  main.o [1]
Led1_Off                0x008a59   0xe  Code  Gb  main.o [1]
Public_learned_ID_num   0x0000ce   0x1  Data  Gb  main.o [1]
RTC_CSSLSE_IRQHandler   0x0092ab  0x35  Code  Gb  stm8l15x_it.o [1]
RTC_ClearITPendingBit   0x009714   0x9  Code  Gb  stm8l15x_rtc.o [1]
RTC_ITConfig            0x009341  0x2e  Code  Gb  stm8l15x_rtc.o [1]
RTC_SetWakeUpCounter    0x009570  0x14  Code  Gb  stm8l15x_rtc.o [1]
RTC_WakeUpClockConfig   0x00949c  0x1d  Code  Gb  stm8l15x_rtc.o [1]
RTC_WakeUpCmd           0x00939b  0x28  Code  Gb  stm8l15x_rtc.o [1]
RadioSettings           0x008bce  0xd6  Code  Gb  cc1101.o [1]
Radio_Can_Operated      0x000016   0x1  Data  Gb  main.o [1]
Radio_Data              0x000090  0x21  Data  Gb  main.o [1]
Radio_Recive            0x008086  0x8a  Code  Gb  main.o [1]
ReadIdInFlash           0x00864e  0x6b  Code  Gb  main.o [1]
Region$$Table$$Base     0x009411         --   Gb  - Linker created -
Region$$Table$$Limit    0x009423         --   Gb  - Linker created -
Reply_RequestFlashData  0x008110  0x85  Code  Gb  main.o [1]
Reset_CC1100            0x009626  0x10  Code  Gb  cc1101.o [1]
Return_FindInFlash      0x000017   0x1  Data  Gb  main.o [1]
SaveInfoInFlash         0x0081b9  0x75  Code  Gb  main.o [1]
SpiTxRxByte             0x0090d4  0x56  Code  Gb  cc1101.o [1]
TIM2_ClearFlag          0x00966c   0xd  Code  Gb  stm8l15x_tim2.o [1]
TIM2_ClearITPendingBit  0x009778   0x5  Code  Gb  stm8l15x_tim2.o [1]
TIM2_Cmd                0x00965f   0xd  Code  Gb  stm8l15x_tim2.o [1]
TIM2_ITConfig           0x0095e2  0x11  Code  Gb  stm8l15x_tim2.o [1]
TIM2_TimeBaseInit       0x009423  0x1f  Code  Gb  stm8l15x_tim2.o [1]
TIM2_UPD_OVF_TRG_BRK_USART2_TX_IRQHandler
                        0x0092e0  0x31  Code  Gb  stm8l15x_it.o [1]
TIM3_ClearFlag          0x009686   0xd  Code  Gb  stm8l15x_tim3.o [1]
TIM3_ClearITPendingBit  0x00977d   0x5  Code  Gb  stm8l15x_tim3.o [1]
TIM3_Cmd                0x009679   0xd  Code  Gb  stm8l15x_tim3.o [1]
TIM3_ITConfig           0x0095f3  0x11  Code  Gb  stm8l15x_tim3.o [1]
TIM3_TimeBaseInit       0x009442  0x1f  Code  Gb  stm8l15x_tim3.o [1]
TIM3_UPD_OVF_TRG_BRK_USART3_TX_IRQHandler
                        0x009236  0x3d  Code  Gb  stm8l15x_it.o [1]
TIM4_ClearFlag          0x009782   0x5  Code  Gb  stm8l15x_tim4.o [1]
TIM4_ClearITPendingBit  0x009787   0x5  Code  Gb  stm8l15x_tim4.o [1]
TIM4_Cmd                0x009693   0xd  Code  Gb  stm8l15x_tim4.o [1]
TIM4_ITConfig           0x009615  0x11  Code  Gb  stm8l15x_tim4.o [1]
TIM4_TimeBaseInit       0x009604  0x11  Code  Gb  stm8l15x_tim4.o [1]
TIM4_UPD_OVF_TRG_IRQHandler
                        0x008de7  0x87  Code  Gb  stm8l15x_it.o [1]
UpdateDatasAdressInFlash
                        0x00831a  0xe4  Code  Gb  main.o [1]
WaitForConfirm_time     0x0000b9   0x4  Data  Gb  main.o [1]
WriteIdInFlash          0x008574  0x66  Code  Gb  main.o [1]
WriteKeyOperationInFlash
                        0x0084c9  0x74  Code  Gb  main.o [1]
__DebugBreak            0x0097c8   0x1  Code  Gb  __dbg_break.o [3]
__exit                  0x009584  0x14  Code  Gb  __dbg_xxexit.o [3]
__iar_copy_init2        0x0093c3        Code  Gb  init_small.o [4]
__iar_data_init2        0x00951d  0x17  Code  Gb  init.o [4]
__iar_program_start     0x0095be        Code  Gb  cstartup.o [4]
__iar_unhandled_exception
                        0x0097c3        Code  Gb  unhandled_exception.o [4]
__iar_zero_init2        0x009461        Code  Gb  init_small.o [4]
__intvec                0x008000        Data  Gb  interrupt.o [4]
__low_level_init        0x0097bd   0x3  Code  Gb  low_level_init.o [4]
_exit                   0x00978c        Code  Gb  cexit.o [4]
_interrupt_12           0x0093eb        Code  Gb  stm8l15x_it.o [1]
_interrupt_16           0x00936f        Code  Gb  stm8l15x_it.o [1]
_interrupt_21           0x0092e0        Code  Gb  stm8l15x_it.o [1]
_interrupt_23           0x009236        Code  Gb  stm8l15x_it.o [1]
_interrupt_27           0x008de7        Code  Gb  stm8l15x_it.o [1]
_interrupt_6            0x0092ab        Code  Gb  stm8l15x_it.o [1]
auto_exit_time          0x0000b5   0x4  Data  Gb  main.o [1]
check_key1              0x0000d3   0x1  Data  Gb  main.o [1]
clear_pll_clock         0x0000d4   0x1  Data  Gb  main.o [1]
delay                   0x008ab3  0x36  Code  Gb  main.o [1]
exit                    0x0097c0   0x3  Code  Gb  exit.o [4]
firstpower              0x0000ca   0x1  Data  Gb  main.o [1]
halRfReceivePacket      0x008894  0x7d  Code  Gb  main.o [1]
halRfSendPacket         0x008861  0x33  Code  Gb  main.o [1]
halSpiReadBurstReg      0x00917a  0x3f  Code  Gb  cc1101.o [1]
halSpiReadReg           0x009548  0x14  Code  Gb  cc1101.o [1]
halSpiReadStatus        0x00955c  0x14  Code  Gb  cc1101.o [1]
halSpiStrobe            0x009534  0x14  Code  Gb  cc1101.o [1]
halSpiWriteBurstReg     0x009273  0x38  Code  Gb  cc1101.o [1]
halSpiWriteReg          0x00947f  0x1d  Code  Gb  cc1101.o [1]
key1_time_count         0x0000b1   0x4  Data  Gb  main.o [1]
learn_mode              0x000013   0x1  Data  Gb  main.o [1]
led_blink_time          0x0000cd   0x1  Data  Gb  main.o [1]
led_flash               0x0000d2   0x1  Data  Gb  main.o [1]
main                    0x008f59  0x62  Code  Gb  main.o [1]
max_radio_length        0x000012   0x1  Data  Gb  main.o [1]
radio_0_function        0x00901b  0x5e  Code  Gb  main.o [1]
radio_2_function        0x0091f8  0x3e  Code  Gb  main.o [1]
radio_3_function        0x008e6e  0x84  Code  Gb  main.o [1]
radio_7_function        0x0091b9  0x3f  Code  Gb  main.o [1]
radio_9_function        0x008ca4  0xa2  Code  Gb  main.o [1]
receive_radio_length    0x0000cf   0x1  Data  Gb  main.o [1]
receiveflag             0x0000c9   0x1  Data  Gb  main.o [1]
ten_second              0x0000c5   0x4  Data  Gb  stm8l15x_it.o [1]
timer2_delay            0x008a73  0x40  Code  Gb  main.o [1]
timer2_delay_time       0x0000bd   0x4  Data  Gb  main.o [1]
timer3_Operate_time     0x0000c1   0x4  Data  Gb  main.o [1]


[1] = C:\Users\THINK\Documents\GitHub\One_Line_OPT\STM8L051\Project\main_code\EWSTM8\STM8L05X_LD_VL(STM8L05xx3)\Obj
[2] = command line
[3] = dbgstm8smd.a
[4] = dlstm8smn.a

  5 883 bytes of readonly  code memory
    214 bytes of readonly  data memory
    469 bytes of readwrite data memory

Errors: none
Warnings: none
